name: include_vendor
version: 3.4.8
description: Autogenerated by the frugal compiler
environment:
  sdk: '>=2.4.1 <3.0.0'
dependencies:
  excepts:
    path: ../excepts
  frugal:
    hosted:
      name: frugal
      url: https://pub.workiva.org
    version: ^3.4.8
  logging: ^0.11.2
  some_vendored_place:
    hosted:
      name: some_vendored_place
      url: https://pub.workiva.org
    version: any
  thrift:
    hosted:
      name: thrift
      url: https://pub.workiva.org
    version: ^0.0.7
