<<<<<<< HEAD
// Autogenerated by Frugal Compiler (2.3.0-RC2)
=======
// Autogenerated by Frugal Compiler (2.3.0)
>>>>>>> e05b01989d40a45e0f3d21f9201ede1473ee3066
// DO NOT EDIT UNLESS YOU ARE SURE THAT YOU KNOW WHAT YOU ARE DOING

package include_default_vendor

import (
	"bytes"
	"fmt"

	"git.apache.org/thrift.git/lib/go/thrift"
	"github.com/Workiva/frugal/test/out/excepts"
	"github.com/Workiva/frugal/test/out/vendor_namespace"
)

// (needed to ensure safety because of naive import list construction.)
var _ = thrift.ZERO
var _ = fmt.Printf
var _ = bytes.Equal

var _ = vendor_namespace.GoUnusedProtection__
var _ = excepts.GoUnusedProtection__
var GoUnusedProtection__ int

func init() {
}
